TAP version 13
# (node:73221) ExperimentalWarning: SQLite is an experimental feature and might change at any time
# (Use `node --trace-warnings ...` to show where the warning was created)
# Subtest: arcade flag protects HTML, assets and APIs; rollback keeps legacy login
not ok 1 - arcade flag protects HTML, assets and APIs; rollback keeps legacy login
  ---
  duration_ms: 88.279542
  location: '/Users/eden/workspace/TwinTeache/tests/arcade.test.mjs:26:1'
  failureType: 'hookFailed'
  error: 'listen EPERM: operation not permitted 127.0.0.1'
  code: 'EPERM'
  stack: |-
    Server.setupListenHandle [as _listen2] (node:net:1915:21)
    listenInCluster (node:net:1994:12)
    node:net:2203:7
    process.processTicksAndRejections (node:internal/process/task_queues:90:21)
  ...
# Subtest: catalogue is public, real session is reused, Cyber Funk absent and no fictitious rewards
not ok 2 - catalogue is public, real session is reused, Cyber Funk absent and no fictitious rewards
  ---
  duration_ms: 0.787375
  location: '/Users/eden/workspace/TwinTeache/tests/arcade.test.mjs:31:1'
  failureType: 'hookFailed'
  error: 'listen EPERM: operation not permitted 127.0.0.1'
  code: 'EPERM'
  stack: |-
    Server.setupListenHandle [as _listen2] (node:net:1915:21)
    listenInCluster (node:net:1994:12)
    node:net:2203:7
    process.processTicksAndRejections (node:internal/process/task_queues:90:21)
  ...
# Subtest: visitor and external directory denial covers pagination, search, detail, profile and top
not ok 3 - visitor and external directory denial covers pagination, search, detail, profile and top
  ---
  duration_ms: 0.054375
  location: '/Users/eden/workspace/TwinTeache/tests/arcade.test.mjs:37:1'
  failureType: 'hookFailed'
  error: 'listen EPERM: operation not permitted 127.0.0.1'
  code: 'EPERM'
  stack: |-
    Server.setupListenHandle [as _listen2] (node:net:1915:21)
    listenInCluster (node:net:1994:12)
    node:net:2203:7
    process.processTicksAndRejections (node:internal/process/task_queues:90:21)
  ...
# Subtest: scoping precedes count, search and pagination; teachers are confined to own class
not ok 4 - scoping precedes count, search and pagination; teachers are confined to own class
  ---
  duration_ms: 0.036625
  location: '/Users/eden/workspace/TwinTeache/tests/arcade.test.mjs:40:1'
  failureType: 'hookFailed'
  error: 'listen EPERM: operation not permitted 127.0.0.1'
  code: 'EPERM'
  stack: |-
    Server.setupListenHandle [as _listen2] (node:net:1915:21)
    listenInCluster (node:net:1994:12)
    node:net:2203:7
    process.processTicksAndRejections (node:internal/process/task_queues:90:21)
  ...
# Subtest: profile is persisted on existing account; identity fields and school data are preserved
not ok 5 - profile is persisted on existing account; identity fields and school data are preserved
  ---
  duration_ms: 0.044458
  location: '/Users/eden/workspace/TwinTeache/tests/arcade.test.mjs:52:1'
  failureType: 'hookFailed'
  error: 'listen EPERM: operation not permitted 127.0.0.1'
  code: 'EPERM'
  stack: |-
    Server.setupListenHandle [as _listen2] (node:net:1915:21)
    listenInCluster (node:net:1994:12)
    node:net:2203:7
    process.processTicksAndRejections (node:internal/process/task_queues:90:21)
  ...
# Subtest: profile rejects roles, rewards, public visibility, XSS and origin forgery
not ok 6 - profile rejects roles, rewards, public visibility, XSS and origin forgery
  ---
  duration_ms: 0.030917
  location: '/Users/eden/workspace/TwinTeache/tests/arcade.test.mjs:64:1'
  failureType: 'hookFailed'
  error: 'listen EPERM: operation not permitted 127.0.0.1'
  code: 'EPERM'
  stack: |-
    Server.setupListenHandle [as _listen2] (node:net:1915:21)
    listenInCluster (node:net:1994:12)
    node:net:2203:7
    process.processTicksAndRejections (node:internal/process/task_queues:90:21)
  ...
# Subtest: public registration and email operations stay closed including malicious role requests
not ok 7 - public registration and email operations stay closed including malicious role requests
  ---
  duration_ms: 0.0285
  location: '/Users/eden/workspace/TwinTeache/tests/arcade.test.mjs:69:1'
  failureType: 'hookFailed'
  error: 'listen EPERM: operation not permitted 127.0.0.1'
  code: 'EPERM'
  stack: |-
    Server.setupListenHandle [as _listen2] (node:net:1915:21)
    listenInCluster (node:net:1994:12)
    node:net:2203:7
    process.processTicksAndRejections (node:internal/process/task_queues:90:21)
  ...
# Subtest: launch authorizes real assignment and is idempotent across concurrent fresh requests
not ok 8 - launch authorizes real assignment and is idempotent across concurrent fresh requests
  ---
  duration_ms: 0.028667
  location: '/Users/eden/workspace/TwinTeache/tests/arcade.test.mjs:73:1'
  failureType: 'hookFailed'
  error: 'listen EPERM: operation not permitted 127.0.0.1'
  code: 'EPERM'
  stack: |-
    Server.setupListenHandle [as _listen2] (node:net:1915:21)
    listenInCluster (node:net:1994:12)
    node:net:2203:7
    process.processTicksAndRejections (node:internal/process/task_queues:90:21)
  ...
# Subtest: forged destinations, unknown bindings and foreign saves are refused
not ok 9 - forged destinations, unknown bindings and foreign saves are refused
  ---
  duration_ms: 0.276083
  location: '/Users/eden/workspace/TwinTeache/tests/arcade.test.mjs:82:1'
  failureType: 'hookFailed'
  error: 'listen EPERM: operation not permitted 127.0.0.1'
  code: 'EPERM'
  stack: |-
    Server.setupListenHandle [as _listen2] (node:net:1915:21)
    listenInCluster (node:net:1994:12)
    node:net:2203:7
    process.processTicksAndRejections (node:internal/process/task_queues:90:21)
  ...
# Subtest: existing runs cannot bypass changed assignment, autonomy or publication locks
not ok 10 - existing runs cannot bypass changed assignment, autonomy or publication locks
  ---
  duration_ms: 0.220167
  location: '/Users/eden/workspace/TwinTeache/tests/arcade.test.mjs:87:1'
  failureType: 'hookFailed'
  error: 'listen EPERM: operation not permitted 127.0.0.1'
  code: 'EPERM'
  stack: |-
    Server.setupListenHandle [as _listen2] (node:net:1915:21)
    listenInCluster (node:net:1994:12)
    node:net:2203:7
    process.processTicksAndRejections (node:internal/process/task_queues:90:21)
  ...
# Subtest: save round trip preserves existing format, rejects invalid data, confirms only persistence
not ok 11 - save round trip preserves existing format, rejects invalid data, confirms only persistence
  ---
  duration_ms: 0.032416
  location: '/Users/eden/workspace/TwinTeache/tests/arcade.test.mjs:95:1'
  failureType: 'hookFailed'
  error: 'listen EPERM: operation not permitted 127.0.0.1'
  code: 'EPERM'
  stack: |-
    Server.setupListenHandle [as _listen2] (node:net:1915:21)
    listenInCluster (node:net:1994:12)
    node:net:2203:7
    process.processTicksAndRejections (node:internal/process/task_queues:90:21)
  ...
# Subtest: client completions never award verified points or grades, even with new event IDs
not ok 12 - client completions never award verified points or grades, even with new event IDs
  ---
  duration_ms: 0.03025
  location: '/Users/eden/workspace/TwinTeache/tests/arcade.test.mjs:102:1'
  failureType: 'hookFailed'
  error: 'listen EPERM: operation not permitted 127.0.0.1'
  code: 'EPERM'
  stack: |-
    Server.setupListenHandle [as _listen2] (node:net:1915:21)
    listenInCluster (node:net:1994:12)
    node:net:2203:7
    process.processTicksAndRejections (node:internal/process/task_queues:90:21)
  ...
# Subtest: private responses are not cached and logout invalidates the host session
not ok 13 - private responses are not cached and logout invalidates the host session
  ---
  duration_ms: 0.026542
  location: '/Users/eden/workspace/TwinTeache/tests/arcade.test.mjs:111:1'
  failureType: 'hookFailed'
  error: 'listen EPERM: operation not permitted 127.0.0.1'
  code: 'EPERM'
  stack: |-
    Server.setupListenHandle [as _listen2] (node:net:1915:21)
    listenInCluster (node:net:1994:12)
    node:net:2203:7
    process.processTicksAndRejections (node:internal/process/task_queues:90:21)
  ...
# Subtest: production serves no integration documents or prototype; styles and scripts stay confined
not ok 14 - production serves no integration documents or prototype; styles and scripts stay confined
  ---
  duration_ms: 0.026791
  location: '/Users/eden/workspace/TwinTeache/tests/arcade.test.mjs:116:1'
  failureType: 'hookFailed'
  error: 'listen EPERM: operation not permitted 127.0.0.1'
  code: 'EPERM'
  stack: |-
    Server.setupListenHandle [as _listen2] (node:net:1915:21)
    listenInCluster (node:net:1994:12)
    node:net:2203:7
    process.processTicksAndRejections (node:internal/process/task_queues:90:21)
  ...
# Subtest: arcade leaves original identities, lesson versions, missions, unlocks and school records intact
not ok 15 - arcade leaves original identities, lesson versions, missions, unlocks and school records intact
  ---
  duration_ms: 0.026666
  location: '/Users/eden/workspace/TwinTeache/tests/arcade.test.mjs:123:1'
  failureType: 'hookFailed'
  error: 'listen EPERM: operation not permitted 127.0.0.1'
  code: 'EPERM'
  stack: |-
    Server.setupListenHandle [as _listen2] (node:net:1915:21)
    listenInCluster (node:net:1994:12)
    node:net:2203:7
    process.processTicksAndRejections (node:internal/process/task_queues:90:21)
  ...
1..15
# tests 15
# suites 0
# pass 0
# fail 15
# cancelled 0
# skipped 0
# todo 0
# duration_ms 3244.857584
